Archive member included because of file (symbol)

c:/program files (x86)/gnu tools arm embedded/4.8 2014q3/bin/../lib/gcc/arm-none-eabi/4.8.4/armv6-m\libgcc.a(_udivsi3.o)
                              ..\obj\stm32f0xx_rcc.o (__aeabi_uidiv)
c:/program files (x86)/gnu tools arm embedded/4.8 2014q3/bin/../lib/gcc/arm-none-eabi/4.8.4/armv6-m\libgcc.a(_dvmd_tls.o)
                              c:/program files (x86)/gnu tools arm embedded/4.8 2014q3/bin/../lib/gcc/arm-none-eabi/4.8.4/armv6-m\libgcc.a(_udivsi3.o) (__aeabi_idiv0)

Allocating common symbols
Common symbol       size              file

D                   0x2c              ..\obj\main.o
TB                  0xc               ..\obj\main.o
TO                  0x14              ..\obj\main.o
S                   0x12              ..\obj\ILI9163.o
G                   0x8               ..\obj\ILI9163.o
TI                  0xa               ..\obj\main.o

Discarded input sections

 .text          0x00000000        0x0 ..\obj\stm32f0xx_rcc.o
 .data          0x00000000       0x10 ..\obj\stm32f0xx_rcc.o
 .bss           0x00000000        0x0 ..\obj\stm32f0xx_rcc.o
 .text.RCC_DeInit
                0x00000000       0x88 ..\obj\stm32f0xx_rcc.o
 .text.RCC_HSEConfig
                0x00000000       0x24 ..\obj\stm32f0xx_rcc.o
 .text.RCC_WaitForHSEStartUp
                0x00000000       0x60 ..\obj\stm32f0xx_rcc.o
 .text.RCC_AdjustHSICalibrationValue
                0x00000000       0x3c ..\obj\stm32f0xx_rcc.o
 .text.RCC_HSICmd
                0x00000000       0x38 ..\obj\stm32f0xx_rcc.o
 .text.RCC_AdjustHSI14CalibrationValue
                0x00000000       0x3c ..\obj\stm32f0xx_rcc.o
 .text.RCC_HSI14Cmd
                0x00000000       0x38 ..\obj\stm32f0xx_rcc.o
 .text.RCC_HSI14ADCRequestCmd
                0x00000000       0x38 ..\obj\stm32f0xx_rcc.o
 .text.RCC_LSEConfig
                0x00000000       0x38 ..\obj\stm32f0xx_rcc.o
 .text.RCC_LSEDriveConfig
                0x00000000       0x2c ..\obj\stm32f0xx_rcc.o
 .text.RCC_LSICmd
                0x00000000       0x38 ..\obj\stm32f0xx_rcc.o
 .text.RCC_PREDIV1Config
                0x00000000       0x34 ..\obj\stm32f0xx_rcc.o
 .text.RCC_ClockSecuritySystemCmd
                0x00000000       0x40 ..\obj\stm32f0xx_rcc.o
 .text.RCC_MCOConfig
                0x00000000       0x20 ..\obj\stm32f0xx_rcc.o
 .text.RCC_GetSYSCLKSource
                0x00000000       0x1c ..\obj\stm32f0xx_rcc.o
 .text.RCC_HCLKConfig
                0x00000000       0x34 ..\obj\stm32f0xx_rcc.o
 .text.RCC_PCLKConfig
                0x00000000       0x38 ..\obj\stm32f0xx_rcc.o
 .text.RCC_ADCCLKConfig
                0x00000000       0x50 ..\obj\stm32f0xx_rcc.o
 .text.RCC_CECCLKConfig
                0x00000000       0x2c ..\obj\stm32f0xx_rcc.o
 .text.RCC_I2CCLKConfig
                0x00000000       0x2c ..\obj\stm32f0xx_rcc.o
 .text.RCC_USARTCLKConfig
                0x00000000       0x2c ..\obj\stm32f0xx_rcc.o
 .text.RCC_GetClocksFreq
                0x00000000      0x1cc ..\obj\stm32f0xx_rcc.o
 .text.RCC_RTCCLKConfig
                0x00000000       0x20 ..\obj\stm32f0xx_rcc.o
 .text.RCC_RTCCLKCmd
                0x00000000       0x40 ..\obj\stm32f0xx_rcc.o
 .text.RCC_BackupResetCmd
                0x00000000       0x40 ..\obj\stm32f0xx_rcc.o
 .text.RCC_AHBPeriphResetCmd
                0x00000000       0x3c ..\obj\stm32f0xx_rcc.o
 .text.RCC_APB2PeriphResetCmd
                0x00000000       0x3c ..\obj\stm32f0xx_rcc.o
 .text.RCC_APB1PeriphResetCmd
                0x00000000       0x3c ..\obj\stm32f0xx_rcc.o
 .text.RCC_ITConfig
                0x00000000       0x50 ..\obj\stm32f0xx_rcc.o
 .text.RCC_ClearFlag
                0x00000000       0x1c ..\obj\stm32f0xx_rcc.o
 .text.RCC_GetITStatus
                0x00000000       0x44 ..\obj\stm32f0xx_rcc.o
 .text.RCC_ClearITPendingBit
                0x00000000       0x20 ..\obj\stm32f0xx_rcc.o
 .text          0x00000000        0x0 ..\obj\ILI9163.o
 .data          0x00000000        0x0 ..\obj\ILI9163.o
 .bss           0x00000000        0x0 ..\obj\ILI9163.o
 .text          0x00000000        0x0 ..\obj\main.o
 .data          0x00000000        0x0 ..\obj\main.o
 .text          0x00000000       0x14 ..\obj\startup_stm32f0xx.o
 .data          0x00000000        0x0 ..\obj\startup_stm32f0xx.o
 .bss           0x00000000        0x0 ..\obj\startup_stm32f0xx.o
 .text          0x00000000        0x0 ..\obj\stm32f0xx_dma.o
 .data          0x00000000        0x0 ..\obj\stm32f0xx_dma.o
 .bss           0x00000000        0x0 ..\obj\stm32f0xx_dma.o
 .text.DMA_DeInit
                0x00000000       0xc0 ..\obj\stm32f0xx_dma.o
 .text.DMA_StructInit
                0x00000000       0x50 ..\obj\stm32f0xx_dma.o
 .text.DMA_SetCurrDataCounter
                0x00000000       0x1c ..\obj\stm32f0xx_dma.o
 .text.DMA_GetCurrDataCounter
                0x00000000       0x18 ..\obj\stm32f0xx_dma.o
 .text.DMA_ITConfig
                0x00000000       0x38 ..\obj\stm32f0xx_dma.o
 .text.DMA_GetFlagStatus
                0x00000000       0x40 ..\obj\stm32f0xx_dma.o
 .text.DMA_ClearFlag
                0x00000000       0x18 ..\obj\stm32f0xx_dma.o
 .text.DMA_GetITStatus
                0x00000000       0x40 ..\obj\stm32f0xx_dma.o
 .text.DMA_ClearITPendingBit
                0x00000000       0x18 ..\obj\stm32f0xx_dma.o
 .text          0x00000000        0x0 ..\obj\stm32f0xx_spi.o
 .data          0x00000000        0x0 ..\obj\stm32f0xx_spi.o
 .bss           0x00000000        0x0 ..\obj\stm32f0xx_spi.o
 .text.SPI_I2S_DeInit
                0x00000000       0x58 ..\obj\stm32f0xx_spi.o
 .text.SPI_StructInit
                0x00000000       0x48 ..\obj\stm32f0xx_spi.o
 .text.I2S_StructInit
                0x00000000       0x34 ..\obj\stm32f0xx_spi.o
 .text.I2S_Init
                0x00000000      0x1c0 ..\obj\stm32f0xx_spi.o
 .text.SPI_TIModeCmd
                0x00000000       0x40 ..\obj\stm32f0xx_spi.o
 .text.I2S_Cmd  0x00000000       0x44 ..\obj\stm32f0xx_spi.o
 .text.SPI_DataSizeConfig
                0x00000000       0x58 ..\obj\stm32f0xx_spi.o
 .text.SPI_RxFIFOThresholdConfig
                0x00000000       0x3c ..\obj\stm32f0xx_spi.o
 .text.SPI_BiDirectionalLineConfig
                0x00000000       0x48 ..\obj\stm32f0xx_spi.o
 .text.SPI_NSSInternalSoftwareConfig
                0x00000000       0x4c ..\obj\stm32f0xx_spi.o
 .text.SPI_SSOutputCmd
                0x00000000       0x40 ..\obj\stm32f0xx_spi.o
 .text.SPI_NSSPulseModeCmd
                0x00000000       0x40 ..\obj\stm32f0xx_spi.o
 .text.SPI_I2S_SendData16
                0x00000000       0x1c ..\obj\stm32f0xx_spi.o
 .text.SPI_ReceiveData8
                0x00000000       0x24 ..\obj\stm32f0xx_spi.o
 .text.SPI_I2S_ReceiveData16
                0x00000000       0x18 ..\obj\stm32f0xx_spi.o
 .text.SPI_CRCLengthConfig
                0x00000000       0x3c ..\obj\stm32f0xx_spi.o
 .text.SPI_CalculateCRC
                0x00000000       0x44 ..\obj\stm32f0xx_spi.o
 .text.SPI_TransmitCRC
                0x00000000       0x20 ..\obj\stm32f0xx_spi.o
 .text.SPI_GetCRC
                0x00000000       0x44 ..\obj\stm32f0xx_spi.o
 .text.SPI_GetCRCPolynomial
                0x00000000       0x18 ..\obj\stm32f0xx_spi.o
 .text.SPI_I2S_DMACmd
                0x00000000       0x48 ..\obj\stm32f0xx_spi.o
 .text.SPI_LastDMATransferCmd
                0x00000000       0x3c ..\obj\stm32f0xx_spi.o
 .text.SPI_I2S_ITConfig
                0x00000000       0x7c ..\obj\stm32f0xx_spi.o
 .text.SPI_GetTransmissionFIFOStatus
                0x00000000       0x20 ..\obj\stm32f0xx_spi.o
 .text.SPI_GetReceptionFIFOStatus
                0x00000000       0x20 ..\obj\stm32f0xx_spi.o
 .text.SPI_I2S_ClearFlag
                0x00000000       0x20 ..\obj\stm32f0xx_spi.o
 .text.SPI_I2S_GetITStatus
                0x00000000       0xb0 ..\obj\stm32f0xx_spi.o
 .text          0x00000000        0x0 ..\obj\system_stm32f0xx_temp.o
 .bss           0x00000000        0x0 ..\obj\system_stm32f0xx_temp.o
 .text.SystemCoreClockUpdate1
                0x00000000       0xd0 ..\obj\system_stm32f0xx_temp.o
 .text          0x00000000        0x0 ..\obj\stm32f0xx_gpio.o
 .data          0x00000000        0x0 ..\obj\stm32f0xx_gpio.o
 .bss           0x00000000        0x0 ..\obj\stm32f0xx_gpio.o
 .text.GPIO_DeInit
                0x00000000       0xc8 ..\obj\stm32f0xx_gpio.o
 .text.GPIO_StructInit
                0x00000000       0x30 ..\obj\stm32f0xx_gpio.o
 .text.GPIO_PinLockConfig
                0x00000000       0x44 ..\obj\stm32f0xx_gpio.o
 .text.GPIO_ReadInputData
                0x00000000       0x18 ..\obj\stm32f0xx_gpio.o
 .text.GPIO_ReadOutputDataBit
                0x00000000       0x48 ..\obj\stm32f0xx_gpio.o
 .text.GPIO_ReadOutputData
                0x00000000       0x18 ..\obj\stm32f0xx_gpio.o
 .text.GPIO_WriteBit
                0x00000000       0x30 ..\obj\stm32f0xx_gpio.o
 .text.GPIO_Write
                0x00000000       0x1c ..\obj\stm32f0xx_gpio.o
 .text          0x00000000        0x0 ..\obj\stm32f0xx_tim.o
 .data          0x00000000        0x0 ..\obj\stm32f0xx_tim.o
 .bss           0x00000000        0x0 ..\obj\stm32f0xx_tim.o
 .text.TIM_DeInit
                0x00000000      0x124 ..\obj\stm32f0xx_tim.o
 .text.TIM_TimeBaseStructInit
                0x00000000       0x30 ..\obj\stm32f0xx_tim.o
 .text.TIM_PrescalerConfig
                0x00000000       0x28 ..\obj\stm32f0xx_tim.o
 .text.TIM_CounterModeConfig
                0x00000000       0x54 ..\obj\stm32f0xx_tim.o
 .text.TIM_SetCounter
                0x00000000       0x18 ..\obj\stm32f0xx_tim.o
 .text.TIM_SetAutoreload
                0x00000000       0x18 ..\obj\stm32f0xx_tim.o
 .text.TIM_GetCounter
                0x00000000       0x14 ..\obj\stm32f0xx_tim.o
 .text.TIM_GetPrescaler
                0x00000000       0x18 ..\obj\stm32f0xx_tim.o
 .text.TIM_UpdateDisableConfig
                0x00000000       0x40 ..\obj\stm32f0xx_tim.o
 .text.TIM_UpdateRequestConfig
                0x00000000       0x40 ..\obj\stm32f0xx_tim.o
 .text.TIM_ARRPreloadConfig
                0x00000000       0x40 ..\obj\stm32f0xx_tim.o
 .text.TIM_SelectOnePulseMode
                0x00000000       0x38 ..\obj\stm32f0xx_tim.o
 .text.TIM_SetClockDivision
                0x00000000       0x3c ..\obj\stm32f0xx_tim.o
 .text.TIM_BDTRConfig
                0x00000000       0x4c ..\obj\stm32f0xx_tim.o
 .text.TIM_BDTRStructInit
                0x00000000       0x38 ..\obj\stm32f0xx_tim.o
 .text.TIM_CtrlPWMOutputs
                0x00000000       0x4c ..\obj\stm32f0xx_tim.o
 .text.TIM_OC1Init
                0x00000000      0x1a4 ..\obj\stm32f0xx_tim.o
 .text.TIM_OC3Init
                0x00000000      0x1a8 ..\obj\stm32f0xx_tim.o
 .text.TIM_OC4Init
                0x00000000      0x134 ..\obj\stm32f0xx_tim.o
 .text.TIM_OCStructInit
                0x00000000       0x40 ..\obj\stm32f0xx_tim.o
 .text.TIM_SelectOCxM
                0x00000000       0xc0 ..\obj\stm32f0xx_tim.o
 .text.TIM_SetCompare1
                0x00000000       0x18 ..\obj\stm32f0xx_tim.o
 .text.TIM_SetCompare2
                0x00000000       0x18 ..\obj\stm32f0xx_tim.o
 .text.TIM_SetCompare3
                0x00000000       0x18 ..\obj\stm32f0xx_tim.o
 .text.TIM_SetCompare4
                0x00000000       0x18 ..\obj\stm32f0xx_tim.o
 .text.TIM_ForcedOC1Config
                0x00000000       0x54 ..\obj\stm32f0xx_tim.o
 .text.TIM_ForcedOC2Config
                0x00000000       0x5c ..\obj\stm32f0xx_tim.o
 .text.TIM_ForcedOC3Config
                0x00000000       0x54 ..\obj\stm32f0xx_tim.o
 .text.TIM_ForcedOC4Config
                0x00000000       0x5c ..\obj\stm32f0xx_tim.o
 .text.TIM_CCPreloadControl
                0x00000000       0x40 ..\obj\stm32f0xx_tim.o
 .text.TIM_OC1PreloadConfig
                0x00000000       0x54 ..\obj\stm32f0xx_tim.o
 .text.TIM_OC2PreloadConfig
                0x00000000       0x5c ..\obj\stm32f0xx_tim.o
 .text.TIM_OC3PreloadConfig
                0x00000000       0x54 ..\obj\stm32f0xx_tim.o
 .text.TIM_OC4PreloadConfig
                0x00000000       0x5c ..\obj\stm32f0xx_tim.o
 .text.TIM_OC1FastConfig
                0x00000000       0x54 ..\obj\stm32f0xx_tim.o
 .text.TIM_OC2FastConfig
                0x00000000       0x5c ..\obj\stm32f0xx_tim.o
 .text.TIM_OC3FastConfig
                0x00000000       0x54 ..\obj\stm32f0xx_tim.o
 .text.TIM_OC4FastConfig
                0x00000000       0x5c ..\obj\stm32f0xx_tim.o
 .text.TIM_ClearOC1Ref
                0x00000000       0x54 ..\obj\stm32f0xx_tim.o
 .text.TIM_ClearOC2Ref
                0x00000000       0x58 ..\obj\stm32f0xx_tim.o
 .text.TIM_ClearOC3Ref
                0x00000000       0x54 ..\obj\stm32f0xx_tim.o
 .text.TIM_ClearOC4Ref
                0x00000000       0x58 ..\obj\stm32f0xx_tim.o
 .text.TIM_OC1PolarityConfig
                0x00000000       0x54 ..\obj\stm32f0xx_tim.o
 .text.TIM_OC1NPolarityConfig
                0x00000000       0x54 ..\obj\stm32f0xx_tim.o
 .text.TIM_OC2PolarityConfig
                0x00000000       0x58 ..\obj\stm32f0xx_tim.o
 .text.TIM_OC2NPolarityConfig
                0x00000000       0x58 ..\obj\stm32f0xx_tim.o
 .text.TIM_OC3PolarityConfig
                0x00000000       0x5c ..\obj\stm32f0xx_tim.o
 .text.TIM_OC3NPolarityConfig
                0x00000000       0x5c ..\obj\stm32f0xx_tim.o
 .text.TIM_OC4PolarityConfig
                0x00000000       0x5c ..\obj\stm32f0xx_tim.o
 .text.TIM_SelectOCREFClear
                0x00000000       0x38 ..\obj\stm32f0xx_tim.o
 .text.TIM_CCxCmd
                0x00000000       0x64 ..\obj\stm32f0xx_tim.o
 .text.TIM_CCxNCmd
                0x00000000       0x64 ..\obj\stm32f0xx_tim.o
 .text.TIM_SelectCOM
                0x00000000       0x40 ..\obj\stm32f0xx_tim.o
 .text.TIM_ICStructInit
                0x00000000       0x2c ..\obj\stm32f0xx_tim.o
 .text.TIM_PWMIConfig
                0x00000000       0xe8 ..\obj\stm32f0xx_tim.o
 .text.TIM_GetCapture1
                0x00000000       0x14 ..\obj\stm32f0xx_tim.o
 .text.TIM_GetCapture2
                0x00000000       0x14 ..\obj\stm32f0xx_tim.o
 .text.TIM_GetCapture3
                0x00000000       0x14 ..\obj\stm32f0xx_tim.o
 .text.TIM_GetCapture4
                0x00000000       0x14 ..\obj\stm32f0xx_tim.o
 .text.TIM_ITConfig
                0x00000000       0x48 ..\obj\stm32f0xx_tim.o
 .text.TIM_GenerateEvent
                0x00000000       0x1c ..\obj\stm32f0xx_tim.o
 .text.TIM_GetFlagStatus
                0x00000000       0x48 ..\obj\stm32f0xx_tim.o
 .text.TIM_ClearFlag
                0x00000000       0x20 ..\obj\stm32f0xx_tim.o
 .text.TIM_GetITStatus
                0x00000000       0x80 ..\obj\stm32f0xx_tim.o
 .text.TIM_ClearITPendingBit
                0x00000000       0x20 ..\obj\stm32f0xx_tim.o
 .text.TIM_DMAConfig
                0x00000000       0x28 ..\obj\stm32f0xx_tim.o
 .text.TIM_SelectCCDMA
                0x00000000       0x40 ..\obj\stm32f0xx_tim.o
 .text.TIM_InternalClockConfig
                0x00000000       0x20 ..\obj\stm32f0xx_tim.o
 .text.TIM_ITRxExternalClockConfig
                0x00000000       0x34 ..\obj\stm32f0xx_tim.o
 .text.TIM_TIxExternalClockConfig
                0x00000000       0x7c ..\obj\stm32f0xx_tim.o
 .text.TIM_ETRClockMode1Config
                0x00000000       0x98 ..\obj\stm32f0xx_tim.o
 .text.TIM_ETRClockMode2Config
                0x00000000       0x4c ..\obj\stm32f0xx_tim.o
 .text.TIM_SelectInputTrigger
                0x00000000       0x54 ..\obj\stm32f0xx_tim.o
 .text.TIM_SelectOutputTrigger
                0x00000000       0x38 ..\obj\stm32f0xx_tim.o
 .text.TIM_SelectSlaveMode
                0x00000000       0x38 ..\obj\stm32f0xx_tim.o
 .text.TIM_SelectMasterSlaveMode
                0x00000000       0x38 ..\obj\stm32f0xx_tim.o
 .text.TIM_ETRConfig
                0x00000000       0x7c ..\obj\stm32f0xx_tim.o
 .text.TIM_EncoderInterfaceConfig
                0x00000000       0xf4 ..\obj\stm32f0xx_tim.o
 .text.TIM_SelectHallSensor
                0x00000000       0x40 ..\obj\stm32f0xx_tim.o
 .text.TIM_RemapConfig
                0x00000000       0x20 ..\obj\stm32f0xx_tim.o
 .text          0x00000000        0x0 ..\obj\stm32f0xx_exti.o
 .data          0x00000000        0x0 ..\obj\stm32f0xx_exti.o
 .bss           0x00000000        0x0 ..\obj\stm32f0xx_exti.o
 .text.EXTI_DeInit
                0x00000000       0x34 ..\obj\stm32f0xx_exti.o
 .text.EXTI_Init
                0x00000000       0xd8 ..\obj\stm32f0xx_exti.o
 .text.EXTI_StructInit
                0x00000000       0x28 ..\obj\stm32f0xx_exti.o
 .text.EXTI_GenerateSWInterrupt
                0x00000000       0x20 ..\obj\stm32f0xx_exti.o
 .text.EXTI_GetFlagStatus
                0x00000000       0x40 ..\obj\stm32f0xx_exti.o
 .text.EXTI_ClearFlag
                0x00000000       0x18 ..\obj\stm32f0xx_exti.o
 .text.EXTI_GetITStatus
                0x00000000       0x40 ..\obj\stm32f0xx_exti.o
 .text.EXTI_ClearITPendingBit
                0x00000000       0x18 ..\obj\stm32f0xx_exti.o
 .debug_info    0x00000000      0x30d ..\obj\stm32f0xx_exti.o
 .debug_abbrev  0x00000000      0x192 ..\obj\stm32f0xx_exti.o
 .debug_aranges
                0x00000000       0x58 ..\obj\stm32f0xx_exti.o
 .debug_ranges  0x00000000       0x48 ..\obj\stm32f0xx_exti.o
 .debug_line    0x00000000      0x274 ..\obj\stm32f0xx_exti.o
 .debug_str     0x00000000      0x32e ..\obj\stm32f0xx_exti.o
 .comment       0x00000000       0x71 ..\obj\stm32f0xx_exti.o
 .ARM.attributes
                0x00000000       0x31 ..\obj\stm32f0xx_exti.o
 .debug_frame   0x00000000      0x10c ..\obj\stm32f0xx_exti.o
 .text          0x00000000        0x0 ..\obj\stm32f0xx_misc.o
 .data          0x00000000        0x0 ..\obj\stm32f0xx_misc.o
 .bss           0x00000000        0x0 ..\obj\stm32f0xx_misc.o
 .text.NVIC_Init
                0x00000000       0xac ..\obj\stm32f0xx_misc.o
 .text.NVIC_SystemLPConfig
                0x00000000       0x44 ..\obj\stm32f0xx_misc.o
 .text.SysTick_CLKSourceConfig
                0x00000000       0x34 ..\obj\stm32f0xx_misc.o
 .debug_info    0x00000000      0x36a ..\obj\stm32f0xx_misc.o
 .debug_abbrev  0x00000000      0x143 ..\obj\stm32f0xx_misc.o
 .debug_aranges
                0x00000000       0x30 ..\obj\stm32f0xx_misc.o
 .debug_ranges  0x00000000       0x20 ..\obj\stm32f0xx_misc.o
 .debug_line    0x00000000      0x24c ..\obj\stm32f0xx_misc.o
 .debug_str     0x00000000      0x2f5 ..\obj\stm32f0xx_misc.o
 .comment       0x00000000       0x71 ..\obj\stm32f0xx_misc.o
 .ARM.attributes
                0x00000000       0x31 ..\obj\stm32f0xx_misc.o
 .debug_frame   0x00000000       0x70 ..\obj\stm32f0xx_misc.o
 .data          0x00000000        0x0 c:/program files (x86)/gnu tools arm embedded/4.8 2014q3/bin/../lib/gcc/arm-none-eabi/4.8.4/armv6-m\libgcc.a(_udivsi3.o)
 .bss           0x00000000        0x0 c:/program files (x86)/gnu tools arm embedded/4.8 2014q3/bin/../lib/gcc/arm-none-eabi/4.8.4/armv6-m\libgcc.a(_udivsi3.o)
 .data          0x00000000        0x0 c:/program files (x86)/gnu tools arm embedded/4.8 2014q3/bin/../lib/gcc/arm-none-eabi/4.8.4/armv6-m\libgcc.a(_dvmd_tls.o)
 .bss           0x00000000        0x0 c:/program files (x86)/gnu tools arm embedded/4.8 2014q3/bin/../lib/gcc/arm-none-eabi/4.8.4/armv6-m\libgcc.a(_dvmd_tls.o)

Memory Configuration

Name             Origin             Length             Attributes
rom              0x08000000         0x00010000         xr
ram              0x20000000         0x00002000         xrw
*default*        0x00000000         0xffffffff

Linker script and memory map

                0x20002000                _eram = 0x20002000

.text           0x08000000     0x208c
 *(.isr_vector)
 .isr_vector    0x08000000       0xc4 ..\obj\startup_stm32f0xx.o
                0x08000000                g_pfnVectors
 *(.text*)
 .text.RCC_PLLConfig
                0x080000c4       0x34 ..\obj\stm32f0xx_rcc.o
                0x080000c4                RCC_PLLConfig
 .text.RCC_PLLCmd
                0x080000f8       0x40 ..\obj\stm32f0xx_rcc.o
                0x080000f8                RCC_PLLCmd
 .text.RCC_SYSCLKConfig
                0x08000138       0x34 ..\obj\stm32f0xx_rcc.o
                0x08000138                RCC_SYSCLKConfig
 .text.RCC_AHBPeriphClockCmd
                0x0800016c       0x3c ..\obj\stm32f0xx_rcc.o
                0x0800016c                RCC_AHBPeriphClockCmd
 .text.RCC_APB2PeriphClockCmd
                0x080001a8       0x3c ..\obj\stm32f0xx_rcc.o
                0x080001a8                RCC_APB2PeriphClockCmd
 .text.RCC_APB1PeriphClockCmd
                0x080001e4       0x3c ..\obj\stm32f0xx_rcc.o
                0x080001e4                RCC_APB1PeriphClockCmd
 .text.RCC_GetFlagStatus
                0x08000220       0x90 ..\obj\stm32f0xx_rcc.o
                0x08000220                RCC_GetFlagStatus
 .text.SB       0x080002b0       0x84 ..\obj\ILI9163.o
                0x080002b0                SB
 .text.SW       0x08000334       0xac ..\obj\ILI9163.o
                0x08000334                SW
 .text.SetAddr  0x080003e0       0x8c ..\obj\ILI9163.o
                0x080003e0                SetAddr
 .text.ILI_Init
                0x0800046c      0x1c0 ..\obj\ILI9163.o
                0x0800046c                ILI_Init
 .text.NVIC_SetPriority
                0x0800062c       0xe0 ..\obj\main.o
 .text.SysTick_Config
                0x0800070c       0x4c ..\obj\main.o
 .text.Delay    0x08000758       0x28 ..\obj\main.o
                0x08000758                Delay
 .text.SysTick_Handler
                0x08000780       0x18 ..\obj\main.o
                0x08000780                SysTick_Handler
 .text.Delayus  0x08000798       0x24 ..\obj\main.o
                0x08000798                Delayus
 .text.I_Start  0x080007bc       0x5c ..\obj\main.o
                0x080007bc                I_Start
 .text.I_Stop   0x08000818       0x48 ..\obj\main.o
                0x08000818                I_Stop
 .text.I_NoAck  0x08000860       0x5c ..\obj\main.o
                0x08000860                I_NoAck
 .text.I_WB     0x080008bc      0x108 ..\obj\main.o
                0x080008bc                I_WB
 .text.I_RB     0x080009c4       0xa0 ..\obj\main.o
                0x080009c4                I_RB
 .text.C_Write  0x08000a64       0x74 ..\obj\main.o
                0x08000a64                C_Write
 .text.C_Read   0x08000ad8       0x8c ..\obj\main.o
                0x08000ad8                C_Read
 .text.C_Init   0x08000b64       0x80 ..\obj\main.o
                0x08000b64                C_Init
 .text.main     0x08000be4      0x3d4 ..\obj\main.o
                0x08000be4                main
 .text.Reset_Handler
                0x08000fb8       0x4c ..\obj\startup_stm32f0xx.o
                0x08000fb8                Reset_Handler
 .text.Default_Handler
                0x08001004        0x2 ..\obj\startup_stm32f0xx.o
                0x08001004                TIM1_CC_IRQHandler
                0x08001004                HardFault_Handler
                0x08001004                ADC1_COMP_IRQHandler
                0x08001004                PVD_IRQHandler
                0x08001004                PendSV_Handler
                0x08001004                NMI_Handler
                0x08001004                I2C1_IRQHandler
                0x08001004                SPI1_IRQHandler
                0x08001004                TIM6_DAC_IRQHandler
                0x08001004                EXTI2_3_IRQHandler
                0x08001004                I2C2_IRQHandler
                0x08001004                TIM17_IRQHandler
                0x08001004                RTC_IRQHandler
                0x08001004                TIM16_IRQHandler
                0x08001004                TIM3_IRQHandler
                0x08001004                EXTI4_15_IRQHandler
                0x08001004                RCC_IRQHandler
                0x08001004                DMA1_Channel1_IRQHandler
                0x08001004                Default_Handler
                0x08001004                CEC_IRQHandler
                0x08001004                TIM14_IRQHandler
                0x08001004                DMA1_Channel4_5_IRQHandler
                0x08001004                TIM15_IRQHandler
                0x08001004                EXTI0_1_IRQHandler
                0x08001004                SPI2_IRQHandler
                0x08001004                SVC_Handler
                0x08001004                TS_IRQHandler
                0x08001004                WWDG_IRQHandler
                0x08001004                TIM2_IRQHandler
                0x08001004                DMA1_Channel2_3_IRQHandler
                0x08001004                USART2_IRQHandler
                0x08001004                FLASH_IRQHandler
                0x08001004                USART1_IRQHandler
                0x08001004                TIM1_BRK_UP_TRG_COM_IRQHandler
 *fill*         0x08001006        0x2 
 .text.DMA_Init
                0x08001008       0x78 ..\obj\stm32f0xx_dma.o
                0x08001008                DMA_Init
 .text.DMA_Cmd  0x08001080       0x3c ..\obj\stm32f0xx_dma.o
                0x08001080                DMA_Cmd
 .text.SPI_Init
                0x080010bc      0x104 ..\obj\stm32f0xx_spi.o
                0x080010bc                SPI_Init
 .text.SPI_Cmd  0x080011c0       0x40 ..\obj\stm32f0xx_spi.o
                0x080011c0                SPI_Cmd
 .text.SPI_SendData8
                0x08001200       0x2c ..\obj\stm32f0xx_spi.o
                0x08001200                SPI_SendData8
 .text.SPI_I2S_GetFlagStatus
                0x0800122c       0x48 ..\obj\stm32f0xx_spi.o
                0x0800122c                SPI_I2S_GetFlagStatus
 .text.SystemInit1
                0x08001274       0x8c ..\obj\system_stm32f0xx_temp.o
                0x08001274                SystemInit
                0x08001274                SystemInit1
 .text.SetSysClock1
                0x08001300       0xe0 ..\obj\system_stm32f0xx_temp.o
                0x08001300                SetSysClock
 .text.GPIO_Init
                0x080013e0      0x138 ..\obj\stm32f0xx_gpio.o
                0x080013e0                GPIO_Init
 .text.GPIO_ReadInputDataBit
                0x08001518       0x48 ..\obj\stm32f0xx_gpio.o
                0x08001518                GPIO_ReadInputDataBit
 .text.GPIO_SetBits
                0x08001560       0x1c ..\obj\stm32f0xx_gpio.o
                0x08001560                GPIO_SetBits
 .text.GPIO_ResetBits
                0x0800157c       0x1c ..\obj\stm32f0xx_gpio.o
                0x0800157c                GPIO_ResetBits
 .text.GPIO_PinAFConfig
                0x08001598       0x9c ..\obj\stm32f0xx_gpio.o
                0x08001598                GPIO_PinAFConfig
 .text.TIM_TimeBaseInit
                0x08001634       0xf0 ..\obj\stm32f0xx_tim.o
                0x08001634                TIM_TimeBaseInit
 .text.TIM_Cmd  0x08001724       0x40 ..\obj\stm32f0xx_tim.o
                0x08001724                TIM_Cmd
 .text.TIM_OC2Init
                0x08001764      0x1b8 ..\obj\stm32f0xx_tim.o
                0x08001764                TIM_OC2Init
 .text.TIM_ICInit
                0x0800191c       0xb0 ..\obj\stm32f0xx_tim.o
                0x0800191c                TIM_ICInit
 .text.TIM_SetIC1Prescaler
                0x080019cc       0x38 ..\obj\stm32f0xx_tim.o
                0x080019cc                TIM_SetIC1Prescaler
 .text.TIM_SetIC2Prescaler
                0x08001a04       0x40 ..\obj\stm32f0xx_tim.o
                0x08001a04                TIM_SetIC2Prescaler
 .text.TIM_SetIC3Prescaler
                0x08001a44       0x38 ..\obj\stm32f0xx_tim.o
                0x08001a44                TIM_SetIC3Prescaler
 .text.TIM_SetIC4Prescaler
                0x08001a7c       0x40 ..\obj\stm32f0xx_tim.o
                0x08001a7c                TIM_SetIC4Prescaler
 .text.TIM_DMACmd
                0x08001abc       0x48 ..\obj\stm32f0xx_tim.o
                0x08001abc                TIM_DMACmd
 .text.TI1_Config
                0x08001b04       0xc8 ..\obj\stm32f0xx_tim.o
 .text.TI2_Config
                0x08001bcc       0xf0 ..\obj\stm32f0xx_tim.o
 .text.TI3_Config
                0x08001cbc       0xe8 ..\obj\stm32f0xx_tim.o
 .text.TI4_Config
                0x08001da4       0xf8 ..\obj\stm32f0xx_tim.o
 .text          0x08001e9c       0x9c c:/program files (x86)/gnu tools arm embedded/4.8 2014q3/bin/../lib/gcc/arm-none-eabi/4.8.4/armv6-m\libgcc.a(_udivsi3.o)
                0x08001e9c                __aeabi_uidiv
                0x08001e9c                __udivsi3
                0x08001f24                __aeabi_uidivmod
 .text          0x08001f38        0x4 c:/program files (x86)/gnu tools arm embedded/4.8 2014q3/bin/../lib/gcc/arm-none-eabi/4.8.4/armv6-m\libgcc.a(_dvmd_tls.o)
                0x08001f38                __aeabi_idiv0
                0x08001f38                __aeabi_ldiv0
 *(.init)
 *(.fini)
 *crtbegin.o(.ctors)
 *crtbegin?.o(.ctors)
 *(EXCLUDE_FILE(*crtend.o *crtend?.o) .ctors)
 *(SORT(.ctors.*))
 *(.ctors)
 *crtbegin.o(.dtors)
 *crtbegin?.o(.dtors)
 *(EXCLUDE_FILE(*crtend.o *crtend?.o) .dtors)
 *(SORT(.dtors.*))
 *(.dtors)
 *(.rodata*)
 .rodata        0x08001f3c      0x150 ..\obj\main.o
                0x08001f3c                ovregs
                0x08001fe4                ovvals
 *(.eh_fram e*)

.glue_7         0x0800208c        0x0
 .glue_7        0x00000000        0x0 linker stubs

.glue_7t        0x0800208c        0x0
 .glue_7t       0x00000000        0x0 linker stubs

.vfp11_veneer   0x0800208c        0x0
 .vfp11_veneer  0x00000000        0x0 linker stubs

.v4_bx          0x0800208c        0x0
 .v4_bx         0x00000000        0x0 linker stubs

.iplt           0x0800208c        0x0
 .iplt          0x00000000        0x0 ..\obj\stm32f0xx_rcc.o

.rel.dyn        0x0800208c        0x0
 .rel.iplt      0x00000000        0x0 ..\obj\stm32f0xx_rcc.o

.ARM.extab
 *(.ARM.extab* .gnu.linkonce.armextab.*)
                0x0800208c                __exidx_start = .

.ARM.exidx
 *(.ARM.exidx* .gnu.linkonce.armexidx.*)
                0x0800208c                __exidx_end = .
                0x0800208c                __etext = .
                0x0800208c                _sidata = __etext

.data           0x20000000       0x14 load address 0x0800208c
                0x20000000                __data_start__ = .
                0x20000000                _sdata = __data_start__
 *(vtable)
 *(.data*)
 .data          0x20000000       0x14 ..\obj\system_stm32f0xx_temp.o
                0x20000000                SystemCoreClock
                0x20000004                AHBPrescTable
                0x20000014                . = ALIGN (0x4)
                0x20000014                PROVIDE (__preinit_array_start, .)
 *(.preinit_array)
                0x20000014                PROVIDE (__preinit_array_end, .)
                0x20000014                . = ALIGN (0x4)
                0x20000014                PROVIDE (__init_array_start, .)
 *(SORT(.init_array.*))
 *(.init_array)
                0x20000014                PROVIDE (__init_array_end, .)
                0x20000014                . = ALIGN (0x4)
                0x20000014                PROVIDE (__fini_array_start, .)
 *(SORT(.fini_array.*))
 *(.fini_array)
                0x20000014                PROVIDE (__fini_array_end, .)
 *(.jcr*)
                0x20000014                . = ALIGN (0x4)
                0x20000014                __data_end__ = .
                0x20000014                _edata = __data_end__

.igot.plt       0x20000014        0x0 load address 0x080020a0
 .igot.plt      0x00000000        0x0 ..\obj\stm32f0xx_rcc.o

.bss            0x20000014       0x78 load address 0x080020a0
                0x20000014                . = ALIGN (0x4)
                0x20000014                __bss_start__ = .
                0x20000014                _sbss = __bss_start__
 *(.bss*)
 .bss           0x20000014        0x4 ..\obj\main.o
                0x20000014                msec
 *(COMMON)
 COMMON         0x20000018       0x1c ..\obj\ILI9163.o
                0x20000018                S
                0x2000002c                G
 COMMON         0x20000034       0x56 ..\obj\main.o
                0x20000034                D
                0x20000060                TB
                0x2000006c                TO
                0x20000080                TI
                0x2000008c                . = ALIGN (0x4)
 *fill*         0x2000008a        0x2 
                0x2000008c                __bss_end__ = .
                0x2000008c                _ebss = __bss_end__

.heap           0x2000008c        0x0
                0x2000008c                __end__ = .
                0x2000008c                _end = __end__
                0x2000008c                end = __end__
 *(.heap*)
                0x2000008c                __HeapLimit = .

.co_stack       0x2000008c        0x4 load address 0x08002118
                0x20000090                . = ALIGN (0x8)
 *fill*         0x2000008c        0x4 
 *(.co_stack .co_stack.*)
                0x20002000                __StackTop = (ORIGIN (ram) + 0x2000)
                0x20001ffc                __StackLimit = (__StackTop - SIZEOF (.co_stack))
                0x20002000                PROVIDE (__stack, __StackTop)
                0x00000001                ASSERT ((__StackLimit >= __HeapLimit), region ram  overflowed with stack)
LOAD ..\obj\stm32f0xx_rcc.o
LOAD ..\obj\ILI9163.o
LOAD ..\obj\main.o
LOAD ..\obj\startup_stm32f0xx.o
LOAD ..\obj\stm32f0xx_dma.o
LOAD ..\obj\stm32f0xx_spi.o
LOAD ..\obj\system_stm32f0xx_temp.o
LOAD ..\obj\stm32f0xx_gpio.o
LOAD ..\obj\stm32f0xx_tim.o
LOAD ..\obj\stm32f0xx_exti.o
LOAD ..\obj\stm32f0xx_misc.o
START GROUP
LOAD c:/program files (x86)/gnu tools arm embedded/4.8 2014q3/bin/../lib/gcc/arm-none-eabi/4.8.4/armv6-m\libgcc.a
LOAD c:/program files (x86)/gnu tools arm embedded/4.8 2014q3/bin/../lib/gcc/arm-none-eabi/4.8.4/../../../../arm-none-eabi/lib/armv6-m\libg.a
LOAD c:/program files (x86)/gnu tools arm embedded/4.8 2014q3/bin/../lib/gcc/arm-none-eabi/4.8.4/../../../../arm-none-eabi/lib/armv6-m\libc.a
END GROUP
OUTPUT(STM32F0-OV7670DMA.elf elf32-littlearm)

.debug_info     0x00000000     0x5184
 .debug_info    0x00000000      0x99a ..\obj\stm32f0xx_rcc.o
 .debug_info    0x0000099a      0x523 ..\obj\ILI9163.o
 .debug_info    0x00000ebd      0xe2e ..\obj\main.o
 .debug_info    0x00001ceb       0xbf ..\obj\startup_stm32f0xx.o
 .debug_info    0x00001daa      0x428 ..\obj\stm32f0xx_dma.o
 .debug_info    0x000021d2      0xa8d ..\obj\stm32f0xx_spi.o
 .debug_info    0x00002c5f      0x2ef ..\obj\system_stm32f0xx_temp.o
 .debug_info    0x00002f4e      0x5cf ..\obj\stm32f0xx_gpio.o
 .debug_info    0x0000351d     0x1c67 ..\obj\stm32f0xx_tim.o

.debug_abbrev   0x00000000      0xd17
 .debug_abbrev  0x00000000      0x1ec ..\obj\stm32f0xx_rcc.o
 .debug_abbrev  0x000001ec      0x147 ..\obj\ILI9163.o
 .debug_abbrev  0x00000333      0x251 ..\obj\main.o
 .debug_abbrev  0x00000584       0x12 ..\obj\startup_stm32f0xx.o
 .debug_abbrev  0x00000596      0x15c ..\obj\stm32f0xx_dma.o
 .debug_abbrev  0x000006f2      0x1a1 ..\obj\stm32f0xx_spi.o
 .debug_abbrev  0x00000893      0x134 ..\obj\system_stm32f0xx_temp.o
 .debug_abbrev  0x000009c7      0x19b ..\obj\stm32f0xx_gpio.o
 .debug_abbrev  0x00000b62      0x1b5 ..\obj\stm32f0xx_tim.o

.debug_aranges  0x00000000      0x768
 .debug_aranges
                0x00000000      0x150 ..\obj\stm32f0xx_rcc.o
 .debug_aranges
                0x00000150       0x38 ..\obj\ILI9163.o
 .debug_aranges
                0x00000188       0x88 ..\obj\main.o
 .debug_aranges
                0x00000210       0x28 ..\obj\startup_stm32f0xx.o
 .debug_aranges
                0x00000238       0x70 ..\obj\stm32f0xx_dma.o
 .debug_aranges
                0x000002a8      0x110 ..\obj\stm32f0xx_spi.o
 .debug_aranges
                0x000003b8       0x30 ..\obj\system_stm32f0xx_temp.o
 .debug_aranges
                0x000003e8       0x80 ..\obj\stm32f0xx_gpio.o
 .debug_aranges
                0x00000468      0x300 ..\obj\stm32f0xx_tim.o

.debug_ranges   0x00000000      0x6e0
 .debug_ranges  0x00000000      0x140 ..\obj\stm32f0xx_rcc.o
 .debug_ranges  0x00000140       0x28 ..\obj\ILI9163.o
 .debug_ranges  0x00000168       0x78 ..\obj\main.o
 .debug_ranges  0x000001e0       0x20 ..\obj\startup_stm32f0xx.o
 .debug_ranges  0x00000200       0x60 ..\obj\stm32f0xx_dma.o
 .debug_ranges  0x00000260      0x100 ..\obj\stm32f0xx_spi.o
 .debug_ranges  0x00000360       0x20 ..\obj\system_stm32f0xx_temp.o
 .debug_ranges  0x00000380       0x70 ..\obj\stm32f0xx_gpio.o
 .debug_ranges  0x000003f0      0x2f0 ..\obj\stm32f0xx_tim.o

.debug_line     0x00000000     0x2371
 .debug_line    0x00000000      0x51e ..\obj\stm32f0xx_rcc.o
 .debug_line    0x0000051e      0x27d ..\obj\ILI9163.o
 .debug_line    0x0000079b      0x4f3 ..\obj\main.o
 .debug_line    0x00000c8e       0xb4 ..\obj\startup_stm32f0xx.o
 .debug_line    0x00000d42      0x2c1 ..\obj\stm32f0xx_dma.o
 .debug_line    0x00001003      0x495 ..\obj\stm32f0xx_spi.o
 .debug_line    0x00001498      0x1c2 ..\obj\system_stm32f0xx_temp.o
 .debug_line    0x0000165a      0x2f9 ..\obj\stm32f0xx_gpio.o
 .debug_line    0x00001953      0xa1e ..\obj\stm32f0xx_tim.o

.debug_str      0x00000000     0x2014
 .debug_str     0x00000000      0x686 ..\obj\stm32f0xx_rcc.o
                                0x724 (size before relaxing)
 .debug_str     0x00000686      0x2d8 ..\obj\ILI9163.o
                                0x42a (size before relaxing)
 .debug_str     0x0000095e      0x5ae ..\obj\main.o
                                0x999 (size before relaxing)
 .debug_str     0x00000f0c      0x13f ..\obj\stm32f0xx_dma.o
                                0x3a0 (size before relaxing)
 .debug_str     0x0000104b      0x3c3 ..\obj\stm32f0xx_spi.o
                                0x6fd (size before relaxing)
 .debug_str     0x0000140e       0xa3 ..\obj\system_stm32f0xx_temp.o
                                0x29b (size before relaxing)
 .debug_str     0x000014b1      0x194 ..\obj\stm32f0xx_gpio.o
                                0x48b (size before relaxing)
 .debug_str     0x00001645      0x9cf ..\obj\stm32f0xx_tim.o
                                0xddd (size before relaxing)

.comment        0x00000000       0x70
 .comment       0x00000000       0x70 ..\obj\stm32f0xx_rcc.o
                                 0x71 (size before relaxing)
 .comment       0x00000000       0x71 ..\obj\ILI9163.o
 .comment       0x00000000       0x71 ..\obj\main.o
 .comment       0x00000000       0x71 ..\obj\stm32f0xx_dma.o
 .comment       0x00000000       0x71 ..\obj\stm32f0xx_spi.o
 .comment       0x00000000       0x71 ..\obj\system_stm32f0xx_temp.o
 .comment       0x00000000       0x71 ..\obj\stm32f0xx_gpio.o
 .comment       0x00000000       0x71 ..\obj\stm32f0xx_tim.o

.ARM.attributes
                0x00000000       0x2f
 .ARM.attributes
                0x00000000       0x31 ..\obj\stm32f0xx_rcc.o
 .ARM.attributes
                0x00000031       0x31 ..\obj\ILI9163.o
 .ARM.attributes
                0x00000062       0x31 ..\obj\main.o
 .ARM.attributes
                0x00000093       0x21 ..\obj\startup_stm32f0xx.o
 .ARM.attributes
                0x000000b4       0x31 ..\obj\stm32f0xx_dma.o
 .ARM.attributes
                0x000000e5       0x31 ..\obj\stm32f0xx_spi.o
 .ARM.attributes
                0x00000116       0x31 ..\obj\system_stm32f0xx_temp.o
 .ARM.attributes
                0x00000147       0x31 ..\obj\stm32f0xx_gpio.o
 .ARM.attributes
                0x00000178       0x31 ..\obj\stm32f0xx_tim.o
 .ARM.attributes
                0x000001a9       0x1e c:/program files (x86)/gnu tools arm embedded/4.8 2014q3/bin/../lib/gcc/arm-none-eabi/4.8.4/armv6-m\libgcc.a(_udivsi3.o)
 .ARM.attributes
                0x000001c7       0x1e c:/program files (x86)/gnu tools arm embedded/4.8 2014q3/bin/../lib/gcc/arm-none-eabi/4.8.4/armv6-m\libgcc.a(_dvmd_tls.o)

.debug_frame    0x00000000     0x1a80
 .debug_frame   0x00000000      0x4e4 ..\obj\stm32f0xx_rcc.o
 .debug_frame   0x000004e4       0x8c ..\obj\ILI9163.o
 .debug_frame   0x00000570      0x1c4 ..\obj\main.o
 .debug_frame   0x00000734      0x170 ..\obj\stm32f0xx_dma.o
 .debug_frame   0x000008a4      0x3f0 ..\obj\stm32f0xx_spi.o
 .debug_frame   0x00000c94       0x6c ..\obj\system_stm32f0xx_temp.o
 .debug_frame   0x00000d00      0x1b0 ..\obj\stm32f0xx_gpio.o
 .debug_frame   0x00000eb0      0xbb0 ..\obj\stm32f0xx_tim.o
 .debug_frame   0x00001a60       0x20 c:/program files (x86)/gnu tools arm embedded/4.8 2014q3/bin/../lib/gcc/arm-none-eabi/4.8.4/armv6-m\libgcc.a(_udivsi3.o)
